
                                                                                Executable  Executed    Non-Executed  Percent
Filename                                                                        :qdiff lines  diff lines  diff lines    Coverage
-----------------------------------------                                       ----------  ----------  ------------  ----------

/vob/cisco.comp/mpls/oam/cmn/lspv/dpm/lspv_dpm_ios.c                                     155          96             -    61.94%
/vob/cisco.comp/mpls/oam/cmn/lspv/dpm/lspv_dpm_config.c                                  102          89             -    87.25%
/vob/cisco.comp/mpls/oam/cmn/lspv/dpm/lspv_dpm_stats.c                                    67          58             -    86.57%
/vob/cisco.comp/mpls/oam/cmn/lspv/dpm/lspv_dpm_cli_parser.c                               87          63             -    72.41%
/vob/cisco.comp/mpls/oam/cmn/lspv/dpm/lspv_dpm_wavl_iter.c                               178         119             -    66.85%
/vob/cisco.comp/mpls/oam/cmn/lspv/dpm/lspv_dpm_adj_db.c                                  434         345             -    79.49%
/vob/cisco.comp/mpls/oam/cmn/lspv/dpm/lspv_dpm_debug.c                                    16          15             -    93.75%
/vob/cisco.comp/mpls/oam/cmn/lspv/dpm/lspv_dpm_timer.c                                    79          60             -    75.95%


Total number of Executable Lines_input1:                                               1118
Total number of Executed Lines_input1:                                                 845
Total number of Non-Executed Lines_iput1:                                             -
Total Coverage Percent Summary_input1:                                                 75.58%

